src/actions/contact.ts(23,10): error TS2769: No overload matches this call.
  Overload 1 of 2, '(values: never, options?: { count?: "exact" | "planned" | "estimated" | undefined; } | undefined): PostgrestFilterBuilder<{ PostgrestVersion: "12"; }, never, never, null, "contact_queries", never, "POST">', gave the following error.
    Argument of type '{ status: string; name: string; email: string; phone: string | null; organization: string | null; message: string; }' is not assignable to parameter of type 'never'.
  Overload 2 of 2, '(values: never[], options?: { count?: "exact" | "planned" | "estimated" | undefined; defaultToNull?: boolean | undefined; } | undefined): PostgrestFilterBuilder<{ PostgrestVersion: "12"; }, never, never, null, "contact_queries", never, "POST">', gave the following error.
    Object literal may only specify known properties, and 'status' does not exist in type 'never[]'.
src/actions/contact.ts(71,17): error TS2345: Argument of type '{ status: "new" | "read" | "responded"; }' is not assignable to parameter of type 'never'.
src/actions/projects.ts(51,17): error TS2769: No overload matches this call.
  Overload 1 of 2, '(values: never, options?: { count?: "exact" | "planned" | "estimated" | undefined; } | undefined): PostgrestFilterBuilder<{ PostgrestVersion: "12"; }, never, never, null, "projects", never, "POST">', gave the following error.
    Argument of type 'ProjectInput' is not assignable to parameter of type 'never'.
  Overload 2 of 2, '(values: never[], options?: { count?: "exact" | "planned" | "estimated" | undefined; defaultToNull?: boolean | undefined; } | undefined): PostgrestFilterBuilder<{ PostgrestVersion: "12"; }, never, never, null, "projects", never, "POST">', gave the following error.
    Argument of type 'ProjectInput' is not assignable to parameter of type 'never[]'.
      Type 'ProjectInput' is missing the following properties from type 'never[]': length, pop, push, concat, and 35 more.
src/actions/projects.ts(77,17): error TS2345: Argument of type '{ updated_at: string; title?: string | undefined; description?: string | undefined; image_url?: string | null | undefined; category?: "smart-home" | "robotics" | "drones" | "iot" | "ai" | undefined; }' is not assignable to parameter of type 'never'.
src/actions/team.ts(51,17): error TS2769: No overload matches this call.
  Overload 1 of 2, '(values: never, options?: { count?: "exact" | "planned" | "estimated" | undefined; } | undefined): PostgrestFilterBuilder<{ PostgrestVersion: "12"; }, never, never, null, "team_members", never, "POST">', gave the following error.
    Argument of type 'TeamMemberInput' is not assignable to parameter of type 'never'.
  Overload 2 of 2, '(values: never[], options?: { count?: "exact" | "planned" | "estimated" | undefined; defaultToNull?: boolean | undefined; } | undefined): PostgrestFilterBuilder<{ PostgrestVersion: "12"; }, never, never, null, "team_members", never, "POST">', gave the following error.
    Argument of type 'TeamMemberInput' is not assignable to parameter of type 'never[]'.
      Type 'TeamMemberInput' is missing the following properties from type 'never[]': length, pop, push, concat, and 35 more.
src/actions/team.ts(77,17): error TS2345: Argument of type 'Partial<TeamMemberInput>' is not assignable to parameter of type 'never'.
src/app/admin/dashboard/page.tsx(18,63): error TS2339: Property 'status' does not exist on type 'never'.
src/lib/supabase/client.ts(4,31): error TS2307: Cannot find module './database.types' or its corresponding type declarations.
src/lib/supabase/middleware.ts(17,24): error TS7006: Parameter 'cookiesToSet' implicitly has an 'any' type.
src/lib/supabase/middleware.ts(18,45): error TS7031: Binding element 'name' implicitly has an 'any' type.
src/lib/supabase/middleware.ts(18,51): error TS7031: Binding element 'value' implicitly has an 'any' type.
src/lib/supabase/middleware.ts(24,45): error TS7031: Binding element 'name' implicitly has an 'any' type.
src/lib/supabase/middleware.ts(24,51): error TS7031: Binding element 'value' implicitly has an 'any' type.
src/lib/supabase/middleware.ts(24,58): error TS7031: Binding element 'options' implicitly has an 'any' type.
src/lib/supabase/server.ts(16,24): error TS7006: Parameter 'cookiesToSet' implicitly has an 'any' type.
src/lib/supabase/server.ts(18,49): error TS7031: Binding element 'name' implicitly has an 'any' type.
src/lib/supabase/server.ts(18,55): error TS7031: Binding element 'value' implicitly has an 'any' type.
src/lib/supabase/server.ts(18,62): error TS7031: Binding element 'options' implicitly has an 'any' type.
